// Jest Snapshot v1, https://goo.gl/fbAQLP

exports[`<Container> should match snapshot 1`] = `
.c0 {
  background-color: #fff;
  color: black;
}

.c1 {
  margin: auto;
  padding: 30px;
  max-width: 600px;
}

<div
  className="c0"
>
  <div
    className="c1"
  >
    This is the container's content
  </div>
</div>
`;
