// Jest Snapshot v1, https://goo.gl/fbAQLP

exports[`<TopBar> should render 1`] = `
<Section
  background="#000"
>
  <Text
    color="#fff"
    display="inline"
    type="basic"
  >
    Zaloguj się
  </Text>
  <Button
    marginLeft="10px"
    onClick={[Function]}
    type="primary"
  >
    Zaloguj
  </Button>
</Section>
`;
