// Jest Snapshot v1, https://goo.gl/fbAQLP

exports[`<TopBar> should render 1`] = `
<Container
  backgroundColor="#000"
  inner={false}
>
  <styled.section>
    <Text
      color="#fff"
      display="inline"
      type="basic"
    >
      Zaloguj się
    </Text>
    <Button
      marginLeft="10px"
      onClick={[Function]}
      type="primary"
    >
      Zaloguj
    </Button>
  </styled.section>
</Container>
`;
