// Jest Snapshot v1, https://goo.gl/fbAQLP

exports[`<TopicContainer> should match snapshot with error 1`] = `
<Section>
  <p>
    test error message
  </p>
</Section>
`;

exports[`<TopicContainer> when there are no errors should match snapshot 1`] = `
<Section>
  <TopicsList
    pending={true}
    topics={
      Array [
        TopicModel {
          "members": Array [],
          "trainers": Array [],
        },
        TopicModel {
          "members": Array [],
          "trainers": Array [],
        },
      ]
    }
  />
</Section>
`;
